=== MICO-JDEQ HEALTH CHECK 13:21:27 ===
Scout  : ✅
Radar  : ✅
Penjaga: ✅
=== MICO-JDEQ HEALTH CHECK 13:30:17 ===
Scout  : ✅
Radar  : ✅
Penjaga: ✅
=== MICO-JDEQ HEALTH CHECK 13:40:32 ===
Scout  : ✅
Radar  : ✅
Penjaga: ✅
=== MICO-JDEQ HEALTH CHECK 13:51:44 ===
Scout  : ✅
Radar  : ✅
Penjaga: ✅
=== MICO-JDEQ HEALTH CHECK 14:11:20 ===
Scout  : ✅
Radar  : ✅
Penjaga: ✅
=== MICO-JDEQ HEALTH CHECK 14:20:29 ===
Scout  : ✅
Radar  : ✅
Penjaga: ✅
=== MICO-JDEQ HEALTH CHECK 14:50:00 ===
Scout  : ✅
Radar  : ✅
Penjaga: ✅
=== MICO-JDEQ HEALTH CHECK 15:00:56 ===
Scout  : ✅
Radar  : ✅
Penjaga: ✅
=== MICO-JDEQ HEALTH CHECK 16:10:09 ===
Scout  : ✅
Radar  : ✅
Penjaga: ✅
=== MICO-JDEQ HEALTH CHECK 16:21:38 ===
Scout  : ✅
Radar  : ✅
Penjaga: ✅
=== MICO-JDEQ HEALTH CHECK 16:30:00 ===
Scout  : ✅
Radar  : ✅
=== MICO-JDEQ HEALTH CHECK 16:40:00 ===
Scout  : ✅
Radar  : ✅
Penjaga: ✅
=== MICO-JDEQ HEALTH CHECK 16:50:00 ===
Scout  : ✅
Radar  : ✅
Penjaga: ✅
=== MICO-JDEQ HEALTH CHECK 17:20:00 ===
Scout  : ✅
Radar  : ✅
Penjaga: ✅
=== MICO-JDEQ HEALTH CHECK 18:50:03 ===
Scout  : ✅
Radar  : ❌
Penjaga: ✅
=== MICO-JDEQ HEALTH CHECK 19:10:00 ===
Scout  : ✅
Radar  : ❌
Penjaga: ✅
=== MICO-JDEQ HEALTH CHECK 19:20:41 ===
Scout  : ✅
Radar  : ❌
Penjaga: ✅
=== MICO-JDEQ HEALTH CHECK 19:50:12 ===
Scout  : ✅
Radar  : ❌
Penjaga: ✅
=== MICO-JDEQ HEALTH CHECK 20:20:00 ===
Scout  : ✅
Radar  : ❌
Penjaga: ✅
=== MICO-JDEQ HEALTH CHECK 20:30:31 ===
Scout  : ✅
Radar  : ❌
Penjaga: ✅
