==========================================
 AUDIT KEAMANAN 2026-07-31 16:13:24
✅ Stempel DOLA
✅ Registry Agen
✅ Kunci Kriptografi (8)
✅ Seragam Akses
✅ Terowongan Tailscale
------------------------------------------
PASS: 5 | FAIL: 0
==========================================
==========================================
 AUDIT KEAMANAN 2026-07-31 22:03:49
✅ Stempel DOLA
✅ Registry Agen
✅ Kunci Kriptografi (8)
❌ Seragam Akses HILANG!
✅ Terowongan Tailscale
------------------------------------------
PASS: 4 | FAIL: 1
==========================================
==========================================
 AUDIT KEAMANAN 2026-07-31 23:01:49
✅ Stempel DOLA
✅ Registry Agen
✅ Kunci Kriptografi (8)
✅ Seragam Akses
✅ Terowongan Tailscale
------------------------------------------
PASS: 5 | FAIL: 0
==========================================
==========================================
 AUDIT KEAMANAN 2026-08-01 00:00:01
✅ Stempel DOLA
✅ Registry Agen
✅ Kunci Kriptografi (8)
✅ Seragam Akses
✅ Terowongan Tailscale
------------------------------------------
PASS: 5 | FAIL: 0
==========================================
==========================================
 AUDIT KEAMANAN 2026-08-01 02:00:32
✅ Stempel DOLA
✅ Registry Agen
✅ Kunci Kriptografi (8)
✅ Seragam Akses
✅ Terowongan Tailscale
------------------------------------------
PASS: 5 | FAIL: 0
==========================================
