PIPELINE_START
==================================================
VERIFIKASI INDEPENDEN — 2026-08-17T17:22:04+07:00
Node: markas-utama | Diperiksa: LANGSUNG
==================================================

[1] LAYANAN KRITIS
✅ LOLOS : ssh = AKTIF
✅ LOLOS : tailscaled = AKTIF
✅ LOLOS : systemd-networkd = AKTIF
✅ LOLOS : ssh Restart=always
✅ LOLOS : tailscaled Restart=always

[2] INTEGRITAS CADANGAN
✅ LOLOS : Semua 34 berkas SHA256 cocok

[3] LOG BUKTI
❌ GAGAL : KOSONG: /var/log/mico-jdeq/JARINGAN.log
❌ GAGAL : KOSONG: /var/log/mico-jdeq/AUDIT_FINAL_20260817.log

[4] SUMBER DAYA SAAT INI
CPU load : 0.27 0.45 0.38
Memori   : pakai 1.1Gi / total 3.2Gi
Disk     : 36G kosong dari 56G

==================================================
❌ HASIL: TIDAK SAH — 2 PEMERIKSAAN GAGAL
Bukti tersimpan: /var/log/mico-jdeq/VERIFIKASI_INDEPENDEN_20260817.log
==================================================
699f3b692975f9d789a352d7571fa736b1fa0b7baaa71bd2cd026fba2f0b1dae  /home/iswanjp/mico/JDEQ-CORE-repo/p3/cron_mico_p3_alert.txt
8c58f5387607526219f246af7ddf0d4e502e0c658a67f77aad508453b592fb2e  /home/iswanjp/mico/JDEQ-CORE-repo/p3/cron_mico_p3_dashboard.txt
64e7b4a9f0a585e78ae7e021aaef040b45bde2650a0453ee67f535012c86a8c4  /home/iswanjp/mico/JDEQ-CORE-repo/p3/DASHBOARD.md
469f6a6ce910dc84aaf4e99d60d79cede954daec2de25c372c694bf9588199c8  /home/iswanjp/mico/JDEQ-CORE-repo/p3/mico_alerting.sh
cd19fbd3f3f97ce8674eb083f580822dca0a9473634e2f2e90112144a9b18287  /home/iswanjp/mico/JDEQ-CORE-repo/p3/mico_daily_dashboard.sh
89e0ddcd390f51b951d2a3277beb1124d9f9ff847ebc3b399c1a025d08a13f95  /home/iswanjp/mico/JDEQ-CORE-repo/p3/mico_observability.sh
19cc510fedeee90635cd7f24503b81be5285ebbe486b6fa7ca9a3be32c9d3f8b  /home/iswanjp/mico/JDEQ-CORE-repo/p3/multi_agent_contract.json
4616ff7198fa4b5a9ebbed8c941d3570771d1cf4c5ca001a744b0827d5f2beb5  /home/iswanjp/mico/JDEQ-CORE-repo/p3/OBSERVABILITY.json
30ad3974d9224ab0f218ed13fca5e0c0a01f426bf8e454f0db6b496f981154b1  /home/iswanjp/mico/JDEQ-CORE-repo/p3/OBSERVABILITY.sha256
9771b1c45ecd4952c6ba416dc6d6aaa5f69b19cddd575d522c8ad296e871a11b  /home/iswanjp/mico/JDEQ-CORE-repo/p4/edge_preprocessor.sh
ed66bcd62e530fd7bf4901abe4e6397a776fbd26e3c4c88cd14434df9009173b  /home/iswanjp/mico/JDEQ-CORE-repo/p4/merkle_verifier.sh
4de0b824d6ed90d93a6ef06a6af563eff95ae6716d439961047e41e0c6fd8f05  /home/iswanjp/mico/JDEQ-CORE-repo/p4/mico_node_orchestrator.sh
175340234423d4736dcd3b7cd035beca4ede0079cbb10ae9704391bcac348d89  /home/iswanjp/mico/JDEQ-CORE-repo/p4/multi_node_contract.json
0ce3cd347c6a66650738801d0e00bf08803f3b71a74715490028a81e8594ad5b  /home/iswanjp/mico/JDEQ-CORE-repo/p4/NODE_STATUS.json
3aca0ba10853c4d56ae9ad56876e96ba0b7855876618893bbaf9f37989c00e7d  /home/iswanjp/mico/JDEQ-CORE-repo/p4/NODE_STATUS.sha256
PIPELINE_CHECK_DONE
PIPELINE_END
PIPELINE_START
==================================================
VERIFIKASI INDEPENDEN — 2026-08-17T17:28:36+07:00
Node: markas-utama | Diperiksa: LANGSUNG
==================================================

[1] LAYANAN KRITIS
✅ LOLOS : ssh = AKTIF
✅ LOLOS : tailscaled = AKTIF
✅ LOLOS : systemd-networkd = AKTIF
✅ LOLOS : ssh Restart=always
✅ LOLOS : tailscaled Restart=always

[2] INTEGRITAS CADANGAN
✅ LOLOS : Semua 34 berkas SHA256 cocok

[3] LOG BUKTI
✅ LOLOS : Log diperbarui 0 menit lalu
  Baris terakhir: 2026-08-17 17:27:46 — P4 diterapkan. DNS: 8.8.8.8/1.1.1.1, Cek tiap 10 menit.
✅ LOLOS : Log diperbarui 0 menit lalu
  Baris terakhir: [2026-08-17T17:27:46+0700] AUDIT_FINAL_INITIALIZED BY ISWANJP ON MARKAS-UTAMA

[4] SUMBER DAYA SAAT INI
CPU load : 0.39 0.43 0.38
Memori   : pakai 1.1Gi / total 3.2Gi
Disk     : 36G kosong dari 56G

==================================================
✅ HASIL: SAH
Bukti tersimpan: /var/log/mico-jdeq/VERIFIKASI_INDEPENDEN_20260817.log
==================================================
699f3b692975f9d789a352d7571fa736b1fa0b7baaa71bd2cd026fba2f0b1dae  /home/iswanjp/mico/JDEQ-CORE-repo/p3/cron_mico_p3_alert.txt
8c58f5387607526219f246af7ddf0d4e502e0c658a67f77aad508453b592fb2e  /home/iswanjp/mico/JDEQ-CORE-repo/p3/cron_mico_p3_dashboard.txt
64e7b4a9f0a585e78ae7e021aaef040b45bde2650a0453ee67f535012c86a8c4  /home/iswanjp/mico/JDEQ-CORE-repo/p3/DASHBOARD.md
469f6a6ce910dc84aaf4e99d60d79cede954daec2de25c372c694bf9588199c8  /home/iswanjp/mico/JDEQ-CORE-repo/p3/mico_alerting.sh
cd19fbd3f3f97ce8674eb083f580822dca0a9473634e2f2e90112144a9b18287  /home/iswanjp/mico/JDEQ-CORE-repo/p3/mico_daily_dashboard.sh
89e0ddcd390f51b951d2a3277beb1124d9f9ff847ebc3b399c1a025d08a13f95  /home/iswanjp/mico/JDEQ-CORE-repo/p3/mico_observability.sh
19cc510fedeee90635cd7f24503b81be5285ebbe486b6fa7ca9a3be32c9d3f8b  /home/iswanjp/mico/JDEQ-CORE-repo/p3/multi_agent_contract.json
4616ff7198fa4b5a9ebbed8c941d3570771d1cf4c5ca001a744b0827d5f2beb5  /home/iswanjp/mico/JDEQ-CORE-repo/p3/OBSERVABILITY.json
30ad3974d9224ab0f218ed13fca5e0c0a01f426bf8e454f0db6b496f981154b1  /home/iswanjp/mico/JDEQ-CORE-repo/p3/OBSERVABILITY.sha256
9771b1c45ecd4952c6ba416dc6d6aaa5f69b19cddd575d522c8ad296e871a11b  /home/iswanjp/mico/JDEQ-CORE-repo/p4/edge_preprocessor.sh
ed66bcd62e530fd7bf4901abe4e6397a776fbd26e3c4c88cd14434df9009173b  /home/iswanjp/mico/JDEQ-CORE-repo/p4/merkle_verifier.sh
4de0b824d6ed90d93a6ef06a6af563eff95ae6716d439961047e41e0c6fd8f05  /home/iswanjp/mico/JDEQ-CORE-repo/p4/mico_node_orchestrator.sh
175340234423d4736dcd3b7cd035beca4ede0079cbb10ae9704391bcac348d89  /home/iswanjp/mico/JDEQ-CORE-repo/p4/multi_node_contract.json
0ce3cd347c6a66650738801d0e00bf08803f3b71a74715490028a81e8594ad5b  /home/iswanjp/mico/JDEQ-CORE-repo/p4/NODE_STATUS.json
3aca0ba10853c4d56ae9ad56876e96ba0b7855876618893bbaf9f37989c00e7d  /home/iswanjp/mico/JDEQ-CORE-repo/p4/NODE_STATUS.sha256
PIPELINE_CHECK_DONE
PIPELINE_END
PIPELINE_START
=== OBSERVABILITY RESULT ===
{
  "timestamp": "2026-08-17T17:28:59+0700",
  "node": "markas-utama",
  "cpu_load": "0.85",
  "mem_free_gb": "2",
  "disk_free_gb": "36",
  "verifier_status": "SAH",
  "task_contract_count": "34",
  "evidence_chain_length": "34",
  "alerts": "",
  "status": "OBSERVABILITY_V1"
}

=== HASH ===
b9463e187c0d167a4a07235889788d462c8023a03cdebe5a35c0067f2e9370de  /var/log/mico-jdeq/OBSERVABILITY.json
TASK_CONTRACT_LOGGED
{"timestamp":"2026-08-17T17:28:59+0700","operator":"ISWANJP","action":"P5_PIPELINE_RUN","prev_hash":"f5f9b445163494ad604236a7dc4e817ed26dbac2afaff60ccf0c2e111055b894"}
NEW_HASH: cc501f910a55a327e4d1089fc4a2d0ab92ad3860d0067e3829e7b8a9c8e76775
PIPELINE_RUN_DONE
PIPELINE_END
